[31-May-2026 04:02:52 Europe/Berlin] PHP Fatal error:  Uncaught PDOException: SQLSTATE[42S22]: Column not found: 1054 Unknown column 'm.status' in 'field list' in D:\xampp\htdocs\saquna\src\Auth.php:118
Stack trace:
#0 D:\xampp\htdocs\saquna\src\Auth.php(118): PDO->prepare('SELECT u.role, ...')
#1 D:\xampp\htdocs\saquna\src\Auth.php(133): Src\Auth::check()
#2 D:\xampp\htdocs\saquna\src\Auth.php(151): Src\Auth::requireLogin()
#3 D:\xampp\htdocs\saquna\public\master_mahasiswa.php(7): Src\Auth::requireOperator()
#4 {main}
  thrown in D:\xampp\htdocs\saquna\src\Auth.php on line 118
[31-May-2026 04:02:57 Europe/Berlin] PHP Fatal error:  Uncaught PDOException: SQLSTATE[42S22]: Column not found: 1054 Unknown column 'm.status' in 'field list' in D:\xampp\htdocs\saquna\src\Auth.php:118
Stack trace:
#0 D:\xampp\htdocs\saquna\src\Auth.php(118): PDO->prepare('SELECT u.role, ...')
#1 D:\xampp\htdocs\saquna\src\Auth.php(133): Src\Auth::check()
#2 D:\xampp\htdocs\saquna\src\Auth.php(151): Src\Auth::requireLogin()
#3 D:\xampp\htdocs\saquna\public\master_mahasiswa.php(7): Src\Auth::requireOperator()
#4 {main}
  thrown in D:\xampp\htdocs\saquna\src\Auth.php on line 118
[31-May-2026 04:02:59 Europe/Berlin] PHP Fatal error:  Uncaught PDOException: SQLSTATE[42S22]: Column not found: 1054 Unknown column 'm.status' in 'field list' in D:\xampp\htdocs\saquna\src\Auth.php:118
Stack trace:
#0 D:\xampp\htdocs\saquna\src\Auth.php(118): PDO->prepare('SELECT u.role, ...')
#1 D:\xampp\htdocs\saquna\src\Auth.php(133): Src\Auth::check()
#2 D:\xampp\htdocs\saquna\src\Auth.php(151): Src\Auth::requireLogin()
#3 D:\xampp\htdocs\saquna\public\master_institusi.php(7): Src\Auth::requireOperator()
#4 {main}
  thrown in D:\xampp\htdocs\saquna\src\Auth.php on line 118
[31-May-2026 04:03:41 Europe/Berlin] PHP Fatal error:  Uncaught PDOException: SQLSTATE[42S22]: Column not found: 1054 Unknown column 'm.status' in 'field list' in D:\xampp\htdocs\saquna\src\Auth.php:118
Stack trace:
#0 D:\xampp\htdocs\saquna\src\Auth.php(118): PDO->prepare('SELECT u.role, ...')
#1 D:\xampp\htdocs\saquna\src\Auth.php(133): Src\Auth::check()
#2 D:\xampp\htdocs\saquna\src\Auth.php(151): Src\Auth::requireLogin()
#3 D:\xampp\htdocs\saquna\public\master_institusi.php(7): Src\Auth::requireOperator()
#4 {main}
  thrown in D:\xampp\htdocs\saquna\src\Auth.php on line 118
[31-May-2026 04:03:42 Europe/Berlin] PHP Fatal error:  Uncaught PDOException: SQLSTATE[42S22]: Column not found: 1054 Unknown column 'm.status' in 'field list' in D:\xampp\htdocs\saquna\src\Auth.php:118
Stack trace:
#0 D:\xampp\htdocs\saquna\src\Auth.php(118): PDO->prepare('SELECT u.role, ...')
#1 D:\xampp\htdocs\saquna\src\Auth.php(133): Src\Auth::check()
#2 D:\xampp\htdocs\saquna\src\Auth.php(151): Src\Auth::requireLogin()
#3 D:\xampp\htdocs\saquna\public\master_institusi.php(7): Src\Auth::requireOperator()
#4 {main}
  thrown in D:\xampp\htdocs\saquna\src\Auth.php on line 118
[31-May-2026 04:03:52 Europe/Berlin] PHP Fatal error:  Uncaught PDOException: SQLSTATE[42S22]: Column not found: 1054 Unknown column 'm.status' in 'field list' in D:\xampp\htdocs\saquna\src\Auth.php:118
Stack trace:
#0 D:\xampp\htdocs\saquna\src\Auth.php(118): PDO->prepare('SELECT u.role, ...')
#1 D:\xampp\htdocs\saquna\public\login.php(9): Src\Auth::check()
#2 {main}
  thrown in D:\xampp\htdocs\saquna\src\Auth.php on line 118
[31-May-2026 04:03:54 Europe/Berlin] PHP Fatal error:  Uncaught PDOException: SQLSTATE[42S22]: Column not found: 1054 Unknown column 'm.status' in 'field list' in D:\xampp\htdocs\saquna\src\Auth.php:118
Stack trace:
#0 D:\xampp\htdocs\saquna\src\Auth.php(118): PDO->prepare('SELECT u.role, ...')
#1 D:\xampp\htdocs\saquna\public\login.php(9): Src\Auth::check()
#2 {main}
  thrown in D:\xampp\htdocs\saquna\src\Auth.php on line 118
[31-May-2026 04:04:00 Europe/Berlin] PHP Fatal error:  Uncaught PDOException: SQLSTATE[42S22]: Column not found: 1054 Unknown column 'm.status' in 'field list' in D:\xampp\htdocs\saquna\src\Auth.php:118
Stack trace:
#0 D:\xampp\htdocs\saquna\src\Auth.php(118): PDO->prepare('SELECT u.role, ...')
#1 D:\xampp\htdocs\saquna\public\login.php(9): Src\Auth::check()
#2 {main}
  thrown in D:\xampp\htdocs\saquna\src\Auth.php on line 118
[31-May-2026 04:04:53 Europe/Berlin] PHP Fatal error:  Uncaught PDOException: SQLSTATE[42S22]: Column not found: 1054 Unknown column 'm.status' in 'field list' in D:\xampp\htdocs\saquna\src\Auth.php:118
Stack trace:
#0 D:\xampp\htdocs\saquna\src\Auth.php(118): PDO->prepare('SELECT u.role, ...')
#1 D:\xampp\htdocs\saquna\public\login.php(9): Src\Auth::check()
#2 {main}
  thrown in D:\xampp\htdocs\saquna\src\Auth.php on line 118
[31-May-2026 04:06:39 Europe/Berlin] PHP Deprecated:  number_format(): Passing null to parameter #1 ($num) of type float is deprecated in D:\xampp\htdocs\saquna\public\dashboard.php on line 501
[31-May-2026 04:06:39 Europe/Berlin] PHP Deprecated:  number_format(): Passing null to parameter #1 ($num) of type float is deprecated in D:\xampp\htdocs\saquna\public\dashboard.php on line 501
[31-May-2026 04:06:39 Europe/Berlin] PHP Deprecated:  number_format(): Passing null to parameter #1 ($num) of type float is deprecated in D:\xampp\htdocs\saquna\public\dashboard.php on line 501
[31-May-2026 04:06:39 Europe/Berlin] PHP Deprecated:  number_format(): Passing null to parameter #1 ($num) of type float is deprecated in D:\xampp\htdocs\saquna\public\dashboard.php on line 501
[31-May-2026 04:06:39 Europe/Berlin] PHP Deprecated:  number_format(): Passing null to parameter #1 ($num) of type float is deprecated in D:\xampp\htdocs\saquna\public\dashboard.php on line 501
[31-May-2026 04:06:39 Europe/Berlin] PHP Deprecated:  number_format(): Passing null to parameter #1 ($num) of type float is deprecated in D:\xampp\htdocs\saquna\public\dashboard.php on line 501
[31-May-2026 04:06:39 Europe/Berlin] PHP Deprecated:  number_format(): Passing null to parameter #1 ($num) of type float is deprecated in D:\xampp\htdocs\saquna\public\dashboard.php on line 501
[31-May-2026 04:06:39 Europe/Berlin] PHP Deprecated:  number_format(): Passing null to parameter #1 ($num) of type float is deprecated in D:\xampp\htdocs\saquna\public\dashboard.php on line 501
[31-May-2026 04:06:39 Europe/Berlin] PHP Deprecated:  number_format(): Passing null to parameter #1 ($num) of type float is deprecated in D:\xampp\htdocs\saquna\public\dashboard.php on line 501
[31-May-2026 04:06:39 Europe/Berlin] PHP Deprecated:  number_format(): Passing null to parameter #1 ($num) of type float is deprecated in D:\xampp\htdocs\saquna\public\dashboard.php on line 501
